// Jest Snapshot v1, https://goo.gl/fbAQLP

exports[`InternalServerErrorPage to match snapshot 1`] = `
<div>
  <div
    class="bg-gray-900 text-gray-100"
  >
    <div
      class="flex justify-center items-center h-screen"
    >
      <div
        class="text-center"
      >
        <h1
          class="text-9xl font-bold"
        >
          500
        </h1>
        <p
          class="text-3xl uppercase"
        >
          Internal Server Error
        </p>
      </div>
    </div>
  </div>
</div>
`;
